// Jest Snapshot v1, https://goo.gl/fbAQLP

exports[`PaginationFooter renders correctly 1`] = `
<DocumentFragment>
  <div
    class="flex items-center justify-between px-4 py-2"
  >
    <div
      class="flex items-center space-x-2"
    >
      <button
        class="px-2 py-1 rounded border hover:bg-gray-200"
      >
        First
      </button>
      <button
        class="px-2 py-1 rounded border hover:bg-gray-200"
      >
        Previous
      </button>
      <button
        class="px-2 py-1 rounded border hover:bg-gray-200"
      >
        0
      </button>
      <button
        class="px-2 py-1 rounded border hover:bg-gray-200"
      >
        1
      </button>
      <button
        class="px-2 py-1 rounded border bg-gray-200"
      >
        2
      </button>
      <button
        class="px-2 py-1 rounded border hover:bg-gray-200"
      >
        3
      </button>
      <button
        class="px-2 py-1 rounded border hover:bg-gray-200"
      >
        4
      </button>
      <button
        class="px-2 py-1 rounded border hover:bg-gray-200"
      >
        Next
      </button>
      <button
        class="px-2 py-1 rounded border hover:bg-gray-200"
      >
        Last
      </button>
    </div>
    <div>
      <span>
        Items per Page:
      </span>
      <select
        class="px-2 py-1 ml-2 border rounded"
      >
        <option
          value="3"
        >
          3
        </option>
        <option
          value="10"
        >
          10
        </option>
        <option
          value="25"
        >
          25
        </option>
        <option
          value="50"
        >
          50
        </option>
      </select>
    </div>
  </div>
</DocumentFragment>
`;
